
> hils@1.0.0 build
> tsc -b tsconfig.app.json && vite build

src/main.tsx(1,1): error TS6133: 'StrictMode' is declared but its value is never read.
src/mcps/binder/components/PlaylistCard.tsx(66,32): error TS2532: Object is possibly 'undefined'.
src/pages/StudyBinderPage.tsx(5,18): error TS6133: 'FileText' is declared but its value is never read.
src/pages/StudyBinderPage.tsx(6,29): error TS6133: 'Zap' is declared but its value is never read.
src/pages/StudyBinderPage.tsx(6,34): error TS6133: 'Trash2' is declared but its value is never read.
src/pages/StudyBinderPage.tsx(13,11): error TS6133: 'navigate' is declared but its value is never read.
src/pages/StudyBinderPage.tsx(14,37): error TS6133: 'removeDocument' is declared but its value is never read.
